[19:27:42] Request 1 by Bob (2): ALLOWED
[19:27:42] Request 1 by James (3): ALLOWED
[19:27:42] Request 1 by Patricia (4): ALLOWED
[19:27:42] Request 1 by Alice (1): ALLOWED
[19:27:43] Request 2 by James (3): ALLOWED
[19:27:43] Request 2 by Bob (2): ALLOWED
[19:27:43] Request 2 by Patricia (4): ALLOWED
[19:27:43] Request 2 by Alice (1): ALLOWED
[19:27:43] Request 3 by Alice (1): ALLOWED
[19:27:43] Request 3 by James (3): ALLOWED
[19:27:43] Request 3 by Patricia (4): ALLOWED
[19:27:43] Request 3 by Bob (2): ALLOWED
[19:27:43] Request 4 by Bob (2): ALLOWED
[19:27:43] Request 4 by Alice (1): ALLOWED
[19:27:43] Request 4 by Patricia (4): ALLOWED
[19:27:43] Request 4 by James (3): ALLOWED
[19:27:43] Request 5 by Patricia (4): ALLOWED
[19:27:43] Request 5 by James (3): ALLOWED
[19:27:43] Request 5 by Alice (1): ALLOWED
[19:27:43] Request 5 by Bob (2): ALLOWED
[19:27:43] Request 6 by Bob (2): ALLOWED
[19:27:43] Request 6 by Patricia (4): ALLOWED
[19:27:43] Request 6 by James (3): ALLOWED
[19:27:43] Request 6 by Alice (1): ALLOWED
[19:27:43] Request 7 by Alice (1): ALLOWED
[19:27:43] Request 7 by James (3): ALLOWED
[19:27:43] Request 7 by Bob (2): ALLOWED
[19:27:43] Request 7 by Patricia (4): ALLOWED
[19:27:43] Request 8 by Patricia (4): ALLOWED
[19:27:43] Request 8 by Alice (1): ALLOWED
[19:27:43] Request 8 by James (3): ALLOWED
[19:27:43] Request 8 by Bob (2): ALLOWED
[19:27:43] Request 9 by Bob (2): ALLOWED
[19:27:43] Request 9 by Patricia (4): ALLOWED
[19:27:43] Request 9 by Alice (1): ALLOWED
[19:27:43] Request 9 by James (3): ALLOWED
[19:27:43] Request 10 by James (3): ALLOWED
[19:27:43] Request 10 by Bob (2): ALLOWED
[19:27:43] Request 10 by Patricia (4): ALLOWED
[19:27:43] Request 10 by Alice (1): ALLOWED
[19:27:43] Request 11 by Bob (2): REJECTED
[19:27:43] Request 11 by James (3): REJECTED
[19:27:43] Request 11 by Patricia (4): REJECTED
[19:27:43] Request 11 by Alice (1): REJECTED
[19:27:44] Request 12 by Alice (1): REJECTED
[19:27:44] Request 12 by Patricia (4): REJECTED
[19:27:44] Request 12 by Bob (2): REJECTED
[19:27:44] Request 12 by James (3): REJECTED
[19:27:44] Request 13 by James (3): REJECTED
[19:27:44] Request 13 by Alice (1): REJECTED
[19:27:44] Request 13 by Patricia (4): REJECTED
[19:27:44] Request 13 by Bob (2): REJECTED
[19:27:44] Request 14 by Bob (2): REJECTED
[19:27:44] Request 14 by James (3): REJECTED
[19:27:44] Request 14 by Alice (1): REJECTED
[19:27:44] Request 14 by Patricia (4): REJECTED
[19:27:44] Request 15 by Patricia (4): REJECTED
[19:27:44] Request 15 by James (3): REJECTED
[19:27:44] Request 15 by Bob (2): REJECTED
[19:27:44] Request 15 by Alice (1): REJECTED
[19:27:44] Request 16 by Alice (1): REJECTED
[19:27:44] Request 16 by Patricia (4): REJECTED
[19:27:44] Request 16 by James (3): REJECTED
[19:27:44] Request 16 by Bob (2): REJECTED
[19:27:44] Request 17 by Bob (2): REJECTED
[19:27:44] Request 17 by Patricia (4): REJECTED
[19:27:44] Request 17 by Alice (1): REJECTED
[19:27:44] Request 17 by James (3): REJECTED
[19:27:44] Request 18 by James (3): REJECTED
[19:27:44] Request 18 by Patricia (4): REJECTED
[19:27:44] Request 18 by Bob (2): REJECTED
[19:27:44] Request 18 by Alice (1): REJECTED
[19:27:44] Request 19 by Alice (1): REJECTED
[19:27:44] Request 19 by Bob (2): REJECTED
[19:27:44] Request 19 by Patricia (4): REJECTED
[19:27:44] Request 19 by James (3): REJECTED
[19:27:44] Request 20 by Bob (2): REJECTED
[19:27:44] Request 20 by James (3): REJECTED
[19:27:44] Request 20 by Alice (1): REJECTED
[19:27:44] Request 20 by Patricia (4): REJECTED
[19:27:44] Request 21 by Patricia (4): REJECTED
[19:27:44] Request 21 by Bob (2): REJECTED
[19:27:44] Request 21 by James (3): REJECTED
[19:27:44] Request 21 by Alice (1): REJECTED
[19:27:45] Request 22 by Alice (1): REJECTED
[19:27:45] Request 22 by Bob (2): REJECTED
[19:27:45] Request 22 by Patricia (4): REJECTED
[19:27:45] Request 22 by James (3): REJECTED
[19:27:45] Request 23 by James (3): REJECTED
[19:27:45] Request 23 by Bob (2): REJECTED
[19:27:45] Request 23 by Alice (1): REJECTED
[19:27:45] Request 23 by Patricia (4): REJECTED
[19:27:45] Request 24 by Patricia (4): REJECTED
[19:27:45] Request 24 by Bob (2): REJECTED
[19:27:45] Request 24 by James (3): REJECTED
[19:27:45] Request 24 by Alice (1): REJECTED
[19:27:45] Request 25 by Alice (1): REJECTED
[19:27:45] Request 25 by Bob (2): REJECTED
[19:27:45] Request 25 by Patricia (4): REJECTED
[19:27:45] Request 25 by James (3): REJECTED
[19:27:45] Request 26 by Bob (2): REJECTED
[19:27:45] Request 26 by James (3): REJECTED
[19:27:45] Request 26 by Patricia (4): REJECTED
[19:27:45] Request 26 by Alice (1): REJECTED
[19:27:45] Request 27 by James (3): REJECTED
[19:27:45] Request 27 by Alice (1): REJECTED
[19:27:45] Request 27 by Patricia (4): REJECTED
[19:27:45] Request 27 by Bob (2): REJECTED
[19:27:45] Request 28 by Bob (2): REJECTED
[19:27:45] Request 28 by Alice (1): REJECTED
[19:27:45] Request 28 by James (3): REJECTED
[19:27:45] Request 28 by Patricia (4): REJECTED
[19:27:45] Request 29 by Alice (1): REJECTED
[19:27:45] Request 29 by Patricia (4): REJECTED
[19:27:45] Request 29 by James (3): REJECTED
[19:27:45] Request 29 by Bob (2): REJECTED
[19:27:45] Request 30 by Bob (2): REJECTED
[19:27:45] Request 30 by Patricia (4): REJECTED
[19:27:45] Request 30 by Alice (1): REJECTED
[19:27:45] Request 30 by James (3): REJECTED
[19:27:45] Request 31 by James (3): REJECTED
[19:27:45] Request 31 by Patricia (4): REJECTED
[19:27:45] Request 31 by Bob (2): REJECTED
[19:27:45] Request 31 by Alice (1): REJECTED
[19:27:46] Request 32 by Alice (1): REJECTED
[19:27:46] Request 32 by Patricia (4): REJECTED
[19:27:46] Request 32 by James (3): REJECTED
[19:27:46] Request 32 by Bob (2): REJECTED
[19:27:46] Request 33 by Bob (2): REJECTED
[19:27:46] Request 33 by Patricia (4): REJECTED
[19:27:46] Request 33 by Alice (1): REJECTED
[19:27:46] Request 33 by James (3): REJECTED
[19:27:46] Request 34 by James (3): REJECTED
[19:27:46] Request 34 by Patricia (4): REJECTED
[19:27:46] Request 34 by Bob (2): REJECTED
[19:27:46] Request 34 by Alice (1): REJECTED
[19:27:46] Request 35 by Patricia (4): REJECTED
[19:27:46] Request 35 by Alice (1): REJECTED
[19:27:46] Request 35 by Bob (2): REJECTED
[19:27:46] Request 35 by James (3): REJECTED
[19:27:46] Request 36 by Alice (1): REJECTED
[19:27:46] Request 36 by James (3): REJECTED
[19:27:46] Request 36 by Bob (2): REJECTED
[19:27:46] Request 36 by Patricia (4): REJECTED
[19:27:46] Request 37 by Patricia (4): REJECTED
[19:27:46] Request 37 by James (3): REJECTED
[19:27:46] Request 37 by Alice (1): REJECTED
[19:27:46] Request 37 by Bob (2): REJECTED
[19:27:46] Request 38 by Bob (2): REJECTED
[19:27:46] Request 38 by James (3): REJECTED
[19:27:46] Request 38 by Patricia (4): REJECTED
[19:27:46] Request 38 by Alice (1): REJECTED
[19:27:46] Request 39 by Alice (1): REJECTED
[19:27:46] Request 39 by James (3): REJECTED
[19:27:46] Request 39 by Bob (2): REJECTED
[19:27:46] Request 39 by Patricia (4): REJECTED
[19:27:46] Request 40 by Patricia (4): REJECTED
[19:27:46] Request 40 by Bob (2): REJECTED
[19:27:46] Request 40 by James (3): REJECTED
[19:27:46] Request 40 by Alice (1): REJECTED
[19:27:46] Request 41 by Bob (2): REJECTED
[19:27:46] Request 41 by Alice (1): REJECTED
[19:27:46] Request 41 by Patricia (4): REJECTED
[19:27:46] Request 41 by James (3): REJECTED
[19:27:47] Request 42 by James (3): REJECTED
[19:27:47] Request 42 by Bob (2): REJECTED
[19:27:47] Request 42 by Alice (1): REJECTED
[19:27:47] Request 42 by Patricia (4): REJECTED
[19:27:47] Request 43 by Patricia (4): REJECTED
[19:27:47] Request 43 by James (3): REJECTED
[19:27:47] Request 43 by Bob (2): REJECTED
[19:27:47] Request 43 by Alice (1): REJECTED
[19:27:47] Request 44 by James (3): REJECTED
[19:27:47] Request 44 by Patricia (4): REJECTED
[19:27:47] Request 44 by Bob (2): REJECTED
[19:27:47] Request 44 by Alice (1): REJECTED
[19:27:47] Request 45 by Bob (2): REJECTED
[19:27:47] Request 45 by James (3): REJECTED
[19:27:47] Request 45 by Patricia (4): REJECTED
[19:27:47] Request 45 by Alice (1): REJECTED
[19:27:47] Request 46 by Patricia (4): REJECTED
[19:27:47] Request 46 by Bob (2): REJECTED
[19:27:47] Request 46 by James (3): REJECTED
[19:27:47] Request 46 by Alice (1): REJECTED
[19:27:47] Request 47 by Patricia (4): REJECTED
[19:27:47] Request 47 by Bob (2): REJECTED
[19:27:47] Request 47 by James (3): REJECTED
[19:27:47] Request 47 by Alice (1): REJECTED
[19:27:47] Request 48 by James (3): REJECTED
[19:27:47] Request 48 by Patricia (4): REJECTED
[19:27:47] Request 48 by Bob (2): REJECTED
[19:27:47] Request 48 by Alice (1): REJECTED
[19:27:47] Request 49 by Patricia (4): REJECTED
[19:27:47] Request 49 by Bob (2): REJECTED
[19:27:47] Request 49 by James (3): REJECTED
[19:27:47] Request 49 by Alice (1): REJECTED
[19:27:47] Request 50 by James (3): REJECTED
[19:27:47] Request 50 by Patricia (4): REJECTED
[19:27:47] Request 50 by Bob (2): REJECTED
[19:27:47] Request 50 by Alice (1): REJECTED
[19:27:47] Request 51 by James (3): REJECTED
[19:27:47] Request 51 by Bob (2): REJECTED
[19:27:47] Request 51 by Patricia (4): REJECTED
[19:27:47] Request 51 by Alice (1): REJECTED
[19:27:48] Request 52 by James (3): REJECTED
[19:27:48] Request 52 by Bob (2): REJECTED
[19:27:48] Request 52 by Patricia (4): REJECTED
[19:27:48] Request 52 by Alice (1): REJECTED
[19:27:48] Request 53 by Patricia (4): REJECTED
[19:27:48] Request 53 by Bob (2): REJECTED
[19:27:48] Request 53 by James (3): REJECTED
[19:27:48] Request 53 by Alice (1): REJECTED
[19:27:48] Request 54 by Patricia (4): REJECTED
[19:27:48] Request 54 by James (3): REJECTED
[19:27:48] Request 54 by Bob (2): REJECTED
[19:27:48] Request 54 by Alice (1): REJECTED
[19:27:48] Request 55 by Patricia (4): REJECTED
[19:27:48] Request 55 by Bob (2): REJECTED
[19:27:48] Request 55 by James (3): REJECTED
[19:27:48] Request 55 by Alice (1): REJECTED
[19:27:48] Request 56 by James (3): REJECTED
[19:27:48] Request 56 by Patricia (4): REJECTED
[19:27:48] Request 56 by Bob (2): REJECTED
[19:27:48] Request 56 by Alice (1): REJECTED
[19:27:48] Request 57 by Bob (2): REJECTED
[19:27:48] Request 57 by James (3): REJECTED
[19:27:48] Request 57 by Patricia (4): REJECTED
[19:27:48] Request 57 by Alice (1): REJECTED
[19:27:48] Request 58 by Patricia (4): REJECTED
[19:27:48] Request 58 by Bob (2): REJECTED
[19:27:48] Request 58 by James (3): REJECTED
[19:27:48] Request 58 by Alice (1): REJECTED
[19:27:48] Request 59 by James (3): REJECTED
[19:27:48] Request 59 by Patricia (4): REJECTED
[19:27:48] Request 59 by Bob (2): REJECTED
[19:27:48] Request 59 by Alice (1): REJECTED
[19:27:48] Request 60 by Bob (2): REJECTED
[19:27:48] Request 60 by James (3): REJECTED
[19:27:48] Request 60 by Patricia (4): REJECTED
[19:27:48] Request 60 by Alice (1): REJECTED
[19:27:48] Request 61 by Patricia (4): REJECTED
[19:27:48] Request 61 by Bob (2): REJECTED
[19:27:48] Request 61 by James (3): REJECTED
[19:27:48] Request 61 by Alice (1): REJECTED
[19:27:49] Request 62 by James (3): REJECTED
[19:27:49] Request 62 by Patricia (4): REJECTED
[19:27:49] Request 62 by Bob (2): REJECTED
[19:27:49] Request 62 by Alice (1): REJECTED
[19:27:49] Request 63 by James (3): REJECTED
[19:27:49] Request 63 by Bob (2): REJECTED
[19:27:49] Request 63 by Patricia (4): REJECTED
[19:27:49] Request 63 by Alice (1): REJECTED
[19:27:49] Request 64 by Patricia (4): REJECTED
[19:27:49] Request 64 by James (3): REJECTED
[19:27:49] Request 64 by Bob (2): REJECTED
[19:27:49] Request 64 by Alice (1): REJECTED
[19:27:49] Request 65 by Patricia (4): REJECTED
[19:27:49] Request 65 by Bob (2): REJECTED
[19:27:49] Request 65 by James (3): REJECTED
[19:27:49] Request 65 by Alice (1): REJECTED
[19:27:49] Request 66 by James (3): REJECTED
[19:27:49] Request 66 by Patricia (4): REJECTED
[19:27:49] Request 66 by Bob (2): REJECTED
[19:27:49] Request 66 by Alice (1): REJECTED
[19:27:49] Request 67 by Bob (2): REJECTED
[19:27:49] Request 67 by James (3): REJECTED
[19:27:49] Request 67 by Patricia (4): REJECTED
[19:27:49] Request 67 by Alice (1): REJECTED
[19:27:49] Request 68 by Patricia (4): REJECTED
[19:27:49] Request 68 by Bob (2): REJECTED
[19:27:49] Request 68 by James (3): REJECTED
[19:27:49] Request 68 by Alice (1): REJECTED
[19:27:49] Request 69 by James (3): REJECTED
[19:27:49] Request 69 by Patricia (4): REJECTED
[19:27:49] Request 69 by Bob (2): REJECTED
[19:27:49] Request 69 by Alice (1): REJECTED
[19:27:49] Request 70 by Bob (2): REJECTED
[19:27:49] Request 70 by James (3): REJECTED
[19:27:49] Request 70 by Patricia (4): REJECTED
[19:27:49] Request 70 by Alice (1): REJECTED
[19:27:49] Request 71 by Bob (2): REJECTED
[19:27:49] Request 71 by Patricia (4): REJECTED
[19:27:49] Request 71 by James (3): REJECTED
[19:27:49] Request 71 by Alice (1): REJECTED
[19:27:50] Request 72 by James (3): REJECTED
[19:27:50] Request 72 by Bob (2): REJECTED
[19:27:50] Request 72 by Patricia (4): REJECTED
[19:27:50] Request 72 by Alice (1): REJECTED
[19:27:50] Request 73 by Patricia (4): REJECTED
[19:27:50] Request 73 by James (3): REJECTED
[19:27:50] Request 73 by Bob (2): REJECTED
[19:27:50] Request 73 by Alice (1): REJECTED
[19:27:50] Request 74 by Bob (2): REJECTED
[19:27:50] Request 74 by Patricia (4): REJECTED
[19:27:50] Request 74 by James (3): REJECTED
[19:27:50] Request 74 by Alice (1): REJECTED
[19:27:50] Request 75 by James (3): REJECTED
[19:27:50] Request 75 by Bob (2): REJECTED
[19:27:50] Request 75 by Patricia (4): REJECTED
[19:27:50] Request 75 by Alice (1): REJECTED
[19:27:50] Request 76 by Patricia (4): REJECTED
[19:27:50] Request 76 by James (3): REJECTED
[19:27:50] Request 76 by Bob (2): REJECTED
[19:27:50] Request 76 by Alice (1): REJECTED
[19:27:50] Request 77 by Bob (2): REJECTED
[19:27:50] Request 77 by Patricia (4): REJECTED
[19:27:50] Request 77 by James (3): REJECTED
[19:27:50] Request 77 by Alice (1): REJECTED
[19:27:50] Request 78 by James (3): REJECTED
[19:27:50] Request 78 by Bob (2): REJECTED
[19:27:50] Request 78 by Patricia (4): REJECTED
[19:27:50] Request 78 by Alice (1): REJECTED
[19:27:50] Request 79 by Patricia (4): REJECTED
[19:27:50] Request 79 by James (3): REJECTED
[19:27:50] Request 79 by Bob (2): REJECTED
[19:27:50] Request 79 by Alice (1): REJECTED
[19:27:50] Request 80 by Patricia (4): REJECTED
[19:27:50] Request 80 by Bob (2): REJECTED
[19:27:50] Request 80 by James (3): REJECTED
[19:27:50] Request 80 by Alice (1): REJECTED
[19:27:51] Request 81 by James (3): REJECTED
[19:27:51] Request 81 by Patricia (4): REJECTED
[19:27:51] Request 81 by Bob (2): REJECTED
[19:27:51] Request 81 by Alice (1): REJECTED
[19:27:51] Request 82 by Bob (2): REJECTED
[19:27:51] Request 82 by James (3): REJECTED
[19:27:51] Request 82 by Patricia (4): REJECTED
[19:27:51] Request 82 by Alice (1): REJECTED
[19:27:51] Request 83 by Bob (2): REJECTED
[19:27:51] Request 83 by James (3): REJECTED
[19:27:51] Request 83 by Patricia (4): REJECTED
[19:27:51] Request 83 by Alice (1): REJECTED
[19:27:51] Request 84 by James (3): REJECTED
[19:27:51] Request 84 by Patricia (4): REJECTED
[19:27:51] Request 84 by Bob (2): REJECTED
[19:27:51] Request 84 by Alice (1): REJECTED
[19:27:51] Request 85 by Bob (2): REJECTED
[19:27:51] Request 85 by James (3): REJECTED
[19:27:51] Request 85 by Patricia (4): REJECTED
[19:27:51] Request 85 by Alice (1): REJECTED
[19:27:51] Request 86 by Patricia (4): REJECTED
[19:27:51] Request 86 by Bob (2): REJECTED
[19:27:51] Request 86 by James (3): REJECTED
[19:27:51] Request 86 by Alice (1): REJECTED
[19:27:51] Request 87 by James (3): REJECTED
[19:27:51] Request 87 by Bob (2): REJECTED
[19:27:51] Request 87 by Patricia (4): REJECTED
[19:27:51] Request 87 by Alice (1): REJECTED
[19:27:51] Request 88 by Patricia (4): REJECTED
[19:27:51] Request 88 by Bob (2): REJECTED
[19:27:51] Request 88 by James (3): REJECTED
[19:27:51] Request 88 by Alice (1): REJECTED
[19:27:51] Request 89 by Patricia (4): REJECTED
[19:27:51] Request 89 by James (3): REJECTED
[19:27:51] Request 89 by Bob (2): REJECTED
[19:27:51] Request 89 by Alice (1): REJECTED
[19:27:51] Request 90 by Bob (2): REJECTED
[19:27:51] Request 90 by Patricia (4): REJECTED
[19:27:51] Request 90 by James (3): REJECTED
[19:27:51] Request 90 by Alice (1): REJECTED
[19:27:52] Request 91 by James (3): REJECTED
[19:27:52] Request 91 by Bob (2): REJECTED
[19:27:52] Request 91 by Patricia (4): REJECTED
[19:27:52] Request 91 by Alice (1): REJECTED
[19:27:52] Request 92 by Bob (2): REJECTED
[19:27:52] Request 92 by Patricia (4): REJECTED
[19:27:52] Request 92 by James (3): REJECTED
[19:27:52] Request 92 by Alice (1): REJECTED
[19:27:52] Request 93 by James (3): REJECTED
[19:27:52] Request 93 by Bob (2): REJECTED
[19:27:52] Request 93 by Patricia (4): REJECTED
[19:27:52] Request 93 by Alice (1): REJECTED
[19:27:52] Request 94 by Patricia (4): REJECTED
[19:27:52] Request 94 by James (3): REJECTED
[19:27:52] Request 94 by Bob (2): REJECTED
[19:27:52] Request 94 by Alice (1): REJECTED
[19:27:52] Request 95 by Bob (2): REJECTED
[19:27:52] Request 95 by Patricia (4): REJECTED
[19:27:52] Request 95 by James (3): REJECTED
[19:27:52] Request 95 by Alice (1): REJECTED
[19:27:52] Request 96 by James (3): REJECTED
[19:27:52] Request 96 by Bob (2): REJECTED
[19:27:52] Request 96 by Patricia (4): REJECTED
[19:27:52] Request 96 by Alice (1): REJECTED
[19:27:52] Request 97 by Patricia (4): REJECTED
[19:27:52] Request 97 by James (3): REJECTED
[19:27:52] Request 97 by Bob (2): REJECTED
[19:27:52] Request 97 by Alice (1): REJECTED
[19:27:52] Request 98 by Bob (2): REJECTED
[19:27:52] Request 98 by Patricia (4): REJECTED
[19:27:52] Request 98 by James (3): REJECTED
[19:27:52] Request 98 by Alice (1): REJECTED
[19:27:52] Request 99 by Bob (2): REJECTED
[19:27:52] Request 99 by James (3): REJECTED
[19:27:52] Request 99 by Patricia (4): REJECTED
[19:27:52] Request 99 by Alice (1): REJECTED
[19:27:52] Request 100 by Patricia (4): REJECTED
[19:27:52] Request 100 by Bob (2): REJECTED
[19:27:52] Request 100 by James (3): REJECTED
[19:27:52] Request 100 by Alice (1): REJECTED
[19:27:53] Request 101 by James (3): ALLOWED
[19:27:53] Request 101 by Patricia (4): ALLOWED
[19:27:53] Request 101 by Bob (2): ALLOWED
[19:27:53] Request 101 by Alice (1): ALLOWED
[19:27:53] Request 102 by Bob (2): ALLOWED
[19:27:53] Request 102 by James (3): ALLOWED
[19:27:53] Request 102 by Patricia (4): ALLOWED
[19:27:53] Request 102 by Alice (1): ALLOWED
[19:27:53] Request 103 by Patricia (4): ALLOWED
[19:27:53] Request 103 by Bob (2): ALLOWED
[19:27:53] Request 103 by James (3): ALLOWED
[19:27:53] Request 103 by Alice (1): ALLOWED
[19:27:53] Request 104 by James (3): ALLOWED
[19:27:53] Request 104 by Alice (1): ALLOWED
[19:27:53] Request 104 by Patricia (4): ALLOWED
[19:27:53] Request 104 by Bob (2): ALLOWED
[19:27:53] Request 105 by Bob (2): ALLOWED
[19:27:53] Request 105 by Alice (1): ALLOWED
[19:27:53] Request 105 by Patricia (4): ALLOWED
[19:27:53] Request 105 by James (3): ALLOWED
[19:27:53] Request 106 by James (3): ALLOWED
[19:27:53] Request 106 by Alice (1): ALLOWED
[19:27:53] Request 106 by Bob (2): ALLOWED
[19:27:53] Request 106 by Patricia (4): ALLOWED
[19:27:53] Request 107 by Patricia (4): ALLOWED
[19:27:53] Request 107 by Alice (1): ALLOWED
[19:27:53] Request 107 by James (3): ALLOWED
[19:27:53] Request 107 by Bob (2): ALLOWED
[19:27:53] Request 108 by Bob (2): ALLOWED
[19:27:53] Request 108 by Alice (1): ALLOWED
[19:27:53] Request 108 by Patricia (4): ALLOWED
[19:27:53] Request 108 by James (3): ALLOWED
[19:27:53] Request 109 by James (3): ALLOWED
[19:27:53] Request 109 by Bob (2): ALLOWED
[19:27:53] Request 109 by Alice (1): ALLOWED
[19:27:53] Request 109 by Patricia (4): ALLOWED
[19:27:53] Request 110 by Bob (2): ALLOWED
[19:27:53] Request 110 by James (3): ALLOWED
[19:27:53] Request 110 by Alice (1): ALLOWED
[19:27:53] Request 110 by Patricia (4): ALLOWED
[19:27:54] Request 111 by Patricia (4): REJECTED
[19:27:54] Request 111 by Bob (2): REJECTED
[19:27:54] Request 111 by Alice (1): REJECTED
[19:27:54] Request 111 by James (3): REJECTED
[19:27:54] Request 112 by James (3): REJECTED
[19:27:54] Request 112 by Alice (1): REJECTED
[19:27:54] Request 112 by Bob (2): REJECTED
[19:27:54] Request 112 by Patricia (4): REJECTED
[19:27:54] Request 113 by Patricia (4): REJECTED
[19:27:54] Request 113 by James (3): REJECTED
[19:27:54] Request 113 by Alice (1): REJECTED
[19:27:54] Request 113 by Bob (2): REJECTED
[19:27:54] Request 114 by Bob (2): REJECTED
[19:27:54] Request 114 by Alice (1): REJECTED
[19:27:54] Request 114 by Patricia (4): REJECTED
[19:27:54] Request 114 by James (3): REJECTED
[19:27:54] Request 115 by James (3): REJECTED
[19:27:54] Request 115 by Bob (2): REJECTED
[19:27:54] Request 115 by Alice (1): REJECTED
[19:27:54] Request 115 by Patricia (4): REJECTED
[19:27:54] Request 116 by Patricia (4): REJECTED
[19:27:54] Request 116 by Bob (2): REJECTED
[19:27:54] Request 116 by James (3): REJECTED
[19:27:54] Request 116 by Alice (1): REJECTED
[19:27:54] Request 117 by Alice (1): REJECTED
[19:27:54] Request 117 by Bob (2): REJECTED
[19:27:54] Request 117 by Patricia (4): REJECTED
[19:27:54] Request 117 by James (3): REJECTED
[19:27:54] Request 118 by James (3): REJECTED
[19:27:54] Request 118 by Bob (2): REJECTED
[19:27:54] Request 118 by Alice (1): REJECTED
[19:27:54] Request 118 by Patricia (4): REJECTED
[19:27:54] Request 119 by Patricia (4): REJECTED
[19:27:54] Request 119 by Alice (1): REJECTED
[19:27:54] Request 119 by James (3): REJECTED
[19:27:54] Request 119 by Bob (2): REJECTED
[19:27:54] Request 120 by Patricia (4): REJECTED
[19:27:54] Request 120 by Bob (2): REJECTED
[19:27:54] Request 120 by Alice (1): REJECTED
[19:27:54] Request 120 by James (3): REJECTED
